job=40851846 host=n3270 start=2026-09-29T11:29:16-07:00 commit=b7edc012ae318ffac8b2749a830cdaf6f471ca3c cmd=python -m paper_eval.component_sota.accomontage --melodies csl_rtc:S1 --shard 8 --num-shards 12
tasks 225 shard 19
0FadVuelB7Srb98yUbTbwI csl_rtc True None 68.9
0jcOCNg3QQCYcwM4s8JyZI csl_rtc True None 12.1
1UytAxYwD5crlQcPiL3ZaE csl_rtc True None 11.7
1sVsi9Q7g5zYcw3Aj90bcc csl_rtc True None 11.4
2CBn4vqG1420rIiELQRmZW csl_rtc True None 11.3
2fx7D86fwFlVfBJSGhuZFg csl_rtc True None 11.6
32Wt3NCmKIU2u5RmSN53TJ csl_rtc True None 11.2
3SlCzm1GRT5idmfyQ8LjYP csl_rtc False no melody (unsupported_meter) None
3tmLIBcbVxYe6tTKvUyMIk csl_rtc True None 11.6
4Cvd1vwstGUZTdnL6X35md csl_rtc True None 11.8
4h1AwwM52VG8iwNmDf1FIK csl_rtc True None 11.7
5AC7fEOMQqxqzqCq5z7nc9 csl_rtc True None 11.7
5LlXalu5DZuQl7Q9CmNKp0 csl_rtc True None 11.5
5igSw7TE7vW1iKMCU9ACMJ csl_rtc True None 11.2
65qUlixRrzCOI7RIHMZ8b0 csl_rtc True None 11.3
6W6bjaq3SpD6OMuxWgPM9X csl_rtc False no melody (unsupported_meter) None
6n5cdQsg6li2aDYUGUiL5l csl_rtc True None 11.8
7IE2jtO8pkWtcSdj71OnlT csl_rtc True None 11.6
7zvq0c9K75w1mijevp7GPQ csl_rtc True None 11.4
AM2_DONE
end=2026-09-29T11:33:38-07:00 CPU_OK
