job=40851843 host=n3258 start=2026-09-29T11:29:16-07:00 commit=b7edc012ae318ffac8b2749a830cdaf6f471ca3c cmd=python -m paper_eval.component_sota.accomontage --melodies csl_rtc:S1 --shard 5 --num-shards 12
tasks 225 shard 19
0B1k0zh8Rsa1aE7LgF6eHi csl_rtc True None 71.1
0exfMqddpIIZQbZZny68Rc csl_rtc True None 12.2
1FBJbPIt388FFDgZbHVRyV csl_rtc True None 12.1
1oWX2EGO7Z8YCZ5jJuGrpM csl_rtc True None 12.7
28IzuspwIj6C8XAOoIJ1Wp csl_rtc True None 12.1
2dNIwWWsu0zmvKgHlE43dG csl_rtc True None 12.1
2vnn9onO7sQBevG0O2iPHi csl_rtc True None 11.9
3QdCMpU6fQ1dsJ3GTzG5HW csl_rtc True None 11.6
3q9kTZg82Fxa7KptbOLqav csl_rtc True None 13.1
4BDdKKIImyCOH0UFXGSoMu csl_rtc True None 11.8
4eMDRwO2dreLU0IvNoARUP csl_rtc True None 11.9
56EoTwd4LGjmEO7UzQrDoX csl_rtc True None 12.2
5IhH7idp4sHJ4o0pnxH59X csl_rtc True None 12.9
5gIW9IMReT6xicyfHKtcug csl_rtc True None 12.2
5zpJSe86hLBaTpd6ZW3TFB csl_rtc True None 11.8
6NqPOID1RsXpj7IAEsgd2v csl_rtc True None 11.9
6i6Lrq6Lkfsjw4WCLOr6zp csl_rtc True None 11.9
7DeY1fKszqaJKtXUk1NiiH csl_rtc False no melody (unsupported_meter) None
7urNxXDmuL6xVKEOoEY41E csl_rtc True None 11.9
AM2_DONE
end=2026-09-29T11:34:01-07:00 CPU_OK
