job=40759959 host=n3036 start=2026-09-27T03:56:03-07:00 commit=b7edc012ae318ffac8b2749a830cdaf6f471ca3c cmd=python -m paper_eval.component_sota.accomontage --melodies ref:S1 --shard 3 --num-shards 12
tasks 225 shard 19
09d4jeFypKBWzZVfHKBeVY ref True None 45.4
0ZMWpv0aFBioxywoXsmaId ref True None 14.5
1EbYNhVhmnZpriRnaFygWN ref True None 14.6
1mcMqHzkg79tfjUqeLAzpI ref True None 14.7
27o7ErWiozSj47o3dnPvVf ref True None 14.7
2YSqK9S0SZjulBJdc9BYuu ref True None 14.8
2r6PR48twaBEyqvTggRzZa ref True None 14.8
3KEgUftkAZzQeugm2kVwbT ref True None 14.7
3im9iOhpZNgaTS4VGYOGF9 ref True None 14.9
49pMRkESXndNlp0jD1Vxnj ref True None 15.0
4VEbbZeJwrlqRBTTscq3m2 ref True None 14.6
51G9MuAKc5GOKrfoP4M4uO ref True None 14.6
5EbU9BSwgacaX0mW7zU4jN ref True None 14.6
5eZwk6UYsVAbqSomPjNSDE ref True None 14.3
5rVNJGnGulbxFwEgUeqAPg ref True None 14.5
6N1sew50IOyienxE3u6WEM ref True None 14.4
6coZcwGP3Cmhyqzvp6sEJS ref True None 14.8
75eCpTAhv6j4enqG1OMBOg ref True None 14.5
7q5MNn6t2YpWawZvWDpAhv ref True None 14.8
AM2_DONE
end=2026-09-27T04:01:15-07:00 CPU_OK
