job=40850211 host=n3284 start=2026-09-29T10:25:25-07:00 commit=b7edc012ae318ffac8b2749a830cdaf6f471ca3c cmd=python -m paper_eval.component_sota.accomontage --melodies csl_offc:S1 --shard 8 --num-shards 12
tasks 225 shard 19
0FadVuelB7Srb98yUbTbwI csl_offc True None 63.0
0jcOCNg3QQCYcwM4s8JyZI csl_offc True None 11.9
1UytAxYwD5crlQcPiL3ZaE csl_offc True None 11.9
1sVsi9Q7g5zYcw3Aj90bcc csl_offc True None 13.3
2CBn4vqG1420rIiELQRmZW csl_offc True None 11.0
2fx7D86fwFlVfBJSGhuZFg csl_offc True None 11.3
32Wt3NCmKIU2u5RmSN53TJ csl_offc True None 11.0
3SlCzm1GRT5idmfyQ8LjYP csl_offc False no melody (unsupported_meter) None
3tmLIBcbVxYe6tTKvUyMIk csl_offc True None 11.3
4Cvd1vwstGUZTdnL6X35md csl_offc True None 11.4
4h1AwwM52VG8iwNmDf1FIK csl_offc True None 11.2
5AC7fEOMQqxqzqCq5z7nc9 csl_offc True None 11.3
5LlXalu5DZuQl7Q9CmNKp0 csl_offc True None 11.4
5igSw7TE7vW1iKMCU9ACMJ csl_offc True None 11.8
65qUlixRrzCOI7RIHMZ8b0 csl_offc True None 11.6
6W6bjaq3SpD6OMuxWgPM9X csl_offc False no melody (unsupported_meter) None
6n5cdQsg6li2aDYUGUiL5l csl_offc True None 11.3
7IE2jtO8pkWtcSdj71OnlT csl_offc True None 11.4
7zvq0c9K75w1mijevp7GPQ csl_offc True None 11.3
AM2_DONE
end=2026-09-29T10:29:40-07:00 CPU_OK
