job=40850203 host=n3272 start=2026-09-29T10:25:25-07:00 commit=b7edc012ae318ffac8b2749a830cdaf6f471ca3c cmd=python -m paper_eval.component_sota.accomontage --melodies csl_offc:S1 --shard 0 --num-shards 12
tasks 225 shard 19
05QmUFMQMUYV3CCVgs8G6Z csl_offc True None 61.1
0TdPZ2mnbhww9mVUiZZhX5 csl_offc True None 11.8
18wo5vJV7bRnjt3wlkSDCJ csl_offc True None 11.4
1eFSgOay51iMZIdmXU3ISl csl_offc True None 11.2
1zsXjmo39vHJkLW8FJVB0t csl_offc True None 11.3
2Pg6rODAW3EZCCBgE8iPZq csl_offc False no melody (unsupported_meter) None
2kNj4xVed7CbulRhF3C4nT csl_offc True None 11.3
3FT4dcOfYXmlNbLecPiMrm csl_offc True None 11.4
3Yg7Z2rVweAHOwUiPkqTvE csl_offc True None 11.4
479FYDDkEokgYf3BG9x6fp csl_offc True None 11.1
4QvcPLQoWZK9qiX8uU6zft csl_offc True None 11.1
4uJ6Twc8EbeVIaqBj5CJs7 csl_offc True None 11.4
5CbNIRIgmrh1W9xNnhtSz1 csl_offc True None 11.4
5bVKIpODZbjn82L68A80hv csl_offc True None 11.4
5mh8LL52KOZXeb80QpcUVG csl_offc True None 11.4
6H1qeLID2gslZMgxpwfACS csl_offc True None 11.4
6ast0Gzj3H6MgDfkRHZxx1 csl_offc True None 11.1
6tnnVnCMhhIbXsnReXa0KX csl_offc True None 11.2
7ntQ7iPTYMS4LLAumzJQ7R csl_offc True None 11.4
AM2_DONE
end=2026-09-29T10:29:47-07:00 CPU_OK
