job=40759963 host=n3264 start=2026-09-27T03:56:03-07:00 commit=b7edc012ae318ffac8b2749a830cdaf6f471ca3c cmd=python -m paper_eval.component_sota.accomontage --melodies ref:S1 --shard 7 --num-shards 12
tasks 225 shard 19
0CxfpbQfmX4bR6mA6aarL3 ref True None 45.6
0j9LdgpOzc5zMjq4hBlUcn ref True None 14.3
1QK8j48LA0pLCJly3Yqd82 ref True None 14.2
1qcgbHATg4tVyVqudr2pxK ref True None 14.3
2BOyzQctN9FQpLfNM9GHQW ref True None 14.3
2fqUJToyhc6bzIXootn4nv ref True None 14.1
2y0wImEpj5p6SxBmY0opQN ref True None 14.1
3SZ3hiasAHYoajQX3XH4FU ref True None 13.9
3tOVrJlfy9g1dPBI8czFIy ref True None 14.0
4C8V4YVVhGQdsoyD1uuhyJ ref True None 14.1
4gXVhPeuxE9ojFL0Ose0vA ref True None 14.2
59E7BFFni2GTDisijRqKU7 ref True None 14.0
5LPdNDuOWYSDT5P20iCRYO ref True None 14.0
5icriKgD89JhLxeSnd9o74 ref True None 13.8
64ksmDDLWaiY21WDVXBoYC ref True None 13.9
6URmER9CypxglzgwthpWTU ref True None 13.9
6lyPKJbCwZEiOtxwXxTDLD ref True None 13.9
7Ga5M55lfOVkuHxzUgk4ZX ref True None 13.6
7ya27A8QscYolruZhE2dAy ref True None 13.4
AM2_DONE
end=2026-09-27T04:01:03-07:00 CPU_OK
