job=40851845 host=n3265 start=2026-09-29T11:29:16-07:00 commit=b7edc012ae318ffac8b2749a830cdaf6f471ca3c cmd=python -m paper_eval.component_sota.accomontage --melodies csl_rtc:S1 --shard 7 --num-shards 12
tasks 225 shard 19
0CxfpbQfmX4bR6mA6aarL3 csl_rtc True None 50.5
0j9LdgpOzc5zMjq4hBlUcn csl_rtc True None 11.9
1QK8j48LA0pLCJly3Yqd82 csl_rtc True None 12.0
1qcgbHATg4tVyVqudr2pxK csl_rtc True None 11.7
2BOyzQctN9FQpLfNM9GHQW csl_rtc True None 12.2
2fqUJToyhc6bzIXootn4nv csl_rtc True None 11.7
2y0wImEpj5p6SxBmY0opQN csl_rtc True None 11.5
3SZ3hiasAHYoajQX3XH4FU csl_rtc True None 11.5
3tOVrJlfy9g1dPBI8czFIy csl_rtc True None 11.2
4C8V4YVVhGQdsoyD1uuhyJ csl_rtc True None 11.6
4gXVhPeuxE9ojFL0Ose0vA csl_rtc True None 11.3
59E7BFFni2GTDisijRqKU7 csl_rtc True None 11.4
5LPdNDuOWYSDT5P20iCRYO csl_rtc True None 11.5
5icriKgD89JhLxeSnd9o74 csl_rtc True None 11.1
64ksmDDLWaiY21WDVXBoYC csl_rtc True None 11.4
6URmER9CypxglzgwthpWTU csl_rtc True None 11.2
6lyPKJbCwZEiOtxwXxTDLD csl_rtc True None 11.4
7Ga5M55lfOVkuHxzUgk4ZX csl_rtc True None 11.4
7ya27A8QscYolruZhE2dAy csl_rtc True None 11.3
AM2_DONE
end=2026-09-29T11:33:42-07:00 CPU_OK
