job=40851842 host=n3046 start=2026-09-29T11:29:16-07:00 commit=b7edc012ae318ffac8b2749a830cdaf6f471ca3c cmd=python -m paper_eval.component_sota.accomontage --melodies csl_rtc:S1 --shard 4 --num-shards 12
tasks 225 shard 19
0A4ehMRLl7v8TFyhSbdkh8 csl_rtc True None 68.6
0ccEIUOa32bbAoGaPHGQuX csl_rtc True None 11.1
1F3t9l7U8CnKmzVyFbR1aG csl_rtc True None 11.2
1oDW3JIhobplQhuTVBjtcB csl_rtc True None 11.0
28I269iDvkDyb2Fqo2p1TI csl_rtc True None 11.4
2alKIQAr2MPs28ZI5AHvJB csl_rtc True None 10.9
2rwYS769lcaMmFpqzR2bBZ csl_rtc True None 10.9
3Oljg1NEoLgRgcJnWJpiAT csl_rtc True None 11.0
3mGw54mWnUpV2wNONvBTJy csl_rtc True None 11.3
4Aguf5QHJzRN4PcXwFX7X0 csl_rtc True None 11.2
4VfHbfbzNPZmX5KI4iAOyT csl_rtc True None 10.9
53a8hVCKsw8NhGxmRH1YeZ csl_rtc True None 11.1
5Fpa2uQd90iYGAEsbKSSZR csl_rtc True None 11.1
5fTRjBPvXscWyOOukAGtW5 csl_rtc True None 11.1
5rc5x4FKWvrJb8qxFNp1bO csl_rtc True None 9.9
6NgFmG5lumvnyBEpjye3Rd csl_rtc False no melody (unsupported_meter) None
6gkCBQjjSFX0UctwaFFdL2 csl_rtc True None 11.4
7DWvcbGGWWtk0edvck09X3 csl_rtc True None 11.1
7qDiugtLVz4njwHDGCfdB5 csl_rtc True None 10.9
AM2_DONE
end=2026-09-29T11:33:40-07:00 CPU_OK
