job=40851841 host=n3043 start=2026-09-29T11:29:16-07:00 commit=b7edc012ae318ffac8b2749a830cdaf6f471ca3c cmd=python -m paper_eval.component_sota.accomontage --melodies csl_rtc:S1 --shard 3 --num-shards 12
tasks 225 shard 19
09d4jeFypKBWzZVfHKBeVY csl_rtc True None 36.6
0ZMWpv0aFBioxywoXsmaId csl_rtc True None 14.1
1EbYNhVhmnZpriRnaFygWN csl_rtc True None 11.5
1mcMqHzkg79tfjUqeLAzpI csl_rtc True None 11.3
27o7ErWiozSj47o3dnPvVf csl_rtc True None 11.4
2YSqK9S0SZjulBJdc9BYuu csl_rtc True None 11.5
2r6PR48twaBEyqvTggRzZa csl_rtc True None 11.3
3KEgUftkAZzQeugm2kVwbT csl_rtc True None 11.3
3im9iOhpZNgaTS4VGYOGF9 csl_rtc True None 11.4
49pMRkESXndNlp0jD1Vxnj csl_rtc True None 11.9
4VEbbZeJwrlqRBTTscq3m2 csl_rtc True None 11.9
51G9MuAKc5GOKrfoP4M4uO csl_rtc True None 17.4
5EbU9BSwgacaX0mW7zU4jN csl_rtc True None 17.7
5eZwk6UYsVAbqSomPjNSDE csl_rtc True None 13.0
5rVNJGnGulbxFwEgUeqAPg csl_rtc True None 11.2
6N1sew50IOyienxE3u6WEM csl_rtc True None 11.0
6coZcwGP3Cmhyqzvp6sEJS csl_rtc True None 11.4
75eCpTAhv6j4enqG1OMBOg csl_rtc True None 11.2
7q5MNn6t2YpWawZvWDpAhv csl_rtc True None 11.5
AM2_DONE
end=2026-09-29T11:33:42-07:00 CPU_OK
