job=40850209 host=n3282 start=2026-09-29T10:25:25-07:00 commit=b7edc012ae318ffac8b2749a830cdaf6f471ca3c cmd=python -m paper_eval.component_sota.accomontage --melodies csl_offc:S1 --shard 6 --num-shards 12
tasks 225 shard 19
0BetT2tdyEMm4FTs2y464B csl_offc True None 63.1
0hzBWWiSp4x1dzcorjP9FN csl_offc True None 11.7
1Fo23uW11ZN4JCFCeB0ngS csl_offc True None 11.5
1ong56tLkuTP0YuTxYAr9F csl_offc True None 11.4
2Ao4GCbjB6dejFu7OWyDuc csl_offc True None 11.0
2doqLn2sfIhgoUB2DaLRiv csl_offc True None 11.2
2xtwnA7wTLBrUYKe3p58oe csl_offc True None 11.1
3SYxHNDH5nXWkzcQHw4YnX csl_offc True None 11.2
3t677uctclLy3tETsBtGF9 csl_offc True None 11.2
4Bsy0tFLV7FdP4t1gUY5XI csl_offc True None 11.1
4eNxB89LADQeQnUvvIIuRG csl_offc True None 11.0
58ajbBxQUMMFpqHA62QNO0 csl_offc True None 11.1
5K8AQ2dBiXolebEfawTrzv csl_offc True None 10.0
5i64hhiLZt1NWnRZiVubSL csl_offc True None 11.1
61g5RPLFCdbnVwAQ363gyP csl_offc True None 11.3
6TCciGLZyMSTZDJDmrdVSI csl_offc True None 11.2
6jK3PQWd5QOPHLAJw6nvCD csl_offc False no melody (unsupported_meter) None
7G1ifUUwRSuQCc8wnDgi6T csl_offc True None 11.1
7v46DZBqB4xmaTHRygC8gy csl_offc True None 11.3
AM2_DONE
end=2026-09-29T10:29:46-07:00 CPU_OK
