job=40850204 host=n3276 start=2026-09-29T10:25:25-07:00 commit=b7edc012ae318ffac8b2749a830cdaf6f471ca3c cmd=python -m paper_eval.component_sota.accomontage --melodies csl_offc:S1 --shard 1 --num-shards 12
tasks 225 shard 19
05Yqjul6jLsld0Vh8K36KH csl_offc False no melody (unsupported_meter) None
0XV81gUVudUkxWP4x6rJhW csl_offc True None 62.5
19eK3bar5P6Xcw6LzdXCHb csl_offc True None 11.7
1hWIEh1MKbcB4ouWgWL5Og csl_offc True None 11.8
20WNhehqO6xfLVktkDefs2 csl_offc True None 11.9
2TSoqk7lI5AomIgffxCw4g csl_offc True None 11.5
2mwrlsAA6AzX0AgheZBF41 csl_offc True None 11.1
3IIAyAsxuQR9jsikumTVHo csl_offc True None 11.5
3fqOOwQx6M8XpJMf8Bsp9K csl_offc True None 11.4
47ZxPbe5sBnGaQanA7sQDq csl_offc True None 11.5
4REzuXet7gr8UCA3T5tK2s csl_offc True None 11.2
4yZY7e169iMB1o29Pk41cz csl_offc True None 11.0
5CqrGysexXG1yOlouhkm6p csl_offc True None 11.3
5bf4zyUkbC7Df7icueGtcR csl_offc True None 11.3
5ojQLq8MsewWoGbVQEBd8f csl_offc True None 11.4
6I3A7q18EJgbdZf2Zx1wxm csl_offc True None 11.3
6bPSr7yKukRjAGk9cIkJ4J csl_offc True None 11.2
72HBFpZW26bT1E0POMsQUW csl_offc True None 11.4
7omMiE6h9Js24Cr22A0Fbv csl_offc True None 11.3
AM2_DONE
end=2026-09-29T10:29:50-07:00 CPU_OK
