job=40850105 array=40850023_9 host=g3113 gpu=NVIDIA L40S start=2026-09-29T10:22:16-07:00 commit=b7edc012ae318ffac8b2749a830cdaf6f471ca3c cmd=python -m paper_eval.component_sota.audio render-backing --shard $SHARD --num-shards $NSHARDS
0exfMqddpIIZQbZZny68Rc__am2 {'fastsinger': (0, 187.9), 'midi_sag': (0, 313.9)} True
28IzuspwIj6C8XAOoIJ1Wp__qwen {'fastsinger': (0, 47.0), 'midi_sag': (0, 74.1)} True
32fzm1b8Ivyyj9qKXjiMZw__ref {'fastsinger': (0, 46.2), 'midi_sag': (0, 79.8)} True
4KnaiD9UY8fAhM1GrM9M8m__am2 {'fastsinger': (0, 30.3), 'midi_sag': (0, 80.2)} True
5K8AQ2dBiXolebEfawTrzv__qwen {'fastsinger': (0, 56.9), 'midi_sag': (0, 85.5)} True
5zpJSe86hLBaTpd6ZW3TFB__ref {'fastsinger': (0, 35.5), 'midi_sag': (0, 138.9)} True
7ya27A8QscYolruZhE2dAy__am2 {'fastsinger': (0, 63.6), 'midi_sag': (0, 66.8)} True
0CxfpbQfmX4bR6mA6aarL3__tempo_direct {'fastsinger': (0, 31.1), 'midi_sag': (0, 68.6)} True
1oWX2EGO7Z8YCZ5jJuGrpM__tempo_gen {'fastsinger': (0, 31.3), 'midi_sag': (0, 63.1)} True
2YSqK9S0SZjulBJdc9BYuu__draft {'fastsinger': (0, 32.1), 'midi_sag': (0, 65.6)} True
2vnn9onO7sQBevG0O2iPHi__key_gen {'fastsinger': (0, 40.0), 'midi_sag': (0, 59.4)} True
3im9iOhpZNgaTS4VGYOGF9__key_transpose {'fastsinger': (0, 33.1), 'midi_sag': (0, 67.1)} True
4Cvd1vwstGUZTdnL6X35md__tempo_direct {'fastsinger': (0, 36.1), 'midi_sag': (0, 145.4)} True
4VfHbfbzNPZmX5KI4iAOyT__tempo_gen {'fastsinger': (0, 59.3), 'midi_sag': (0, 70.3)} True
5LlXalu5DZuQl7Q9CmNKp0__draft {'fastsinger': (0, 33.8), 'midi_sag': (0, 65.9)} True
5ojQLq8MsewWoGbVQEBd8f__key_gen {'fastsinger': (0, 34.3), 'midi_sag': (0, 61.2)} True
6NqPOID1RsXpj7IAEsgd2v__key_transpose {'fastsinger': (0, 31.7), 'midi_sag': (0, 62.9)} True
7v46DZBqB4xmaTHRygC8gy__tempo_direct {'fastsinger': (0, 32.6), 'midi_sag': (0, 85.0)} True
RENDER_BACKING_DONE
end=2026-09-29T11:04:19-07:00 GPU_OK
