job=40849830 array=40849830_1 host=g3124 gpu=NVIDIA L40S start=2026-09-29T10:15:15-07:00 commit=b7edc012ae318ffac8b2749a830cdaf6f471ca3c cmd=python -m paper_eval.component_sota.chord_gen --harmonizer chord_lyr --melodies ref:S1 --chord-seeds S1,S2,S3,S4 --shard $SHARD --num-shards $NSHARDS
tasks 900 shard 448 todo 448
Loading weights:   0%|          | 0/321 [00:00<?, ?it/s]Loading weights:   1%|          | 3/321 [00:00<00:27, 11.45it/s]Loading weights:   2%|▏         | 5/321 [00:00<00:31, 10.08it/s]Loading weights:   2%|▏         | 6/321 [00:00<00:31, 10.01it/s]Loading weights:  16%|█▌        | 51/321 [00:00<00:02, 123.27it/s]Loading weights:  32%|███▏      | 102/321 [00:00<00:01, 187.15it/s]Loading weights:  48%|████▊     | 155/321 [00:00<00:00, 266.92it/s]Loading weights:  59%|█████▊    | 188/321 [00:01<00:00, 219.96it/s]Loading weights:  83%|████████▎ | 268/321 [00:01<00:00, 339.89it/s]Loading weights:  96%|█████████▋| 309/321 [00:01<00:00, 209.81it/s]Loading weights: 100%|██████████| 321/321 [00:01<00:00, 187.79it/s]
[transformers] `causal_conv1d_fn` is falling back to its reference PyTorch implementation because `causal_conv1d` is not installed. This is correct but much slower; install `causal_conv1d` for the optimized kernel.
[transformers] `causal_conv1d_update` is falling back to its reference PyTorch implementation because `causal_conv1d` is not installed. This is correct but much slower; install `causal_conv1d` for the optimized kernel.
[1/28] 58.57s
[2/28] 35.48s
[3/28] 46.23s
[4/28] 45.13s
[5/28] 40.08s
[6/28] 34.73s
[7/28] 45.86s
[8/28] 48.32s
[9/28] 44.66s
[10/28] 69.64s
[11/28] 44.74s
[12/28] 46.19s
[13/28] 44.0s
[14/28] 44.69s
[15/28] 41.14s
[16/28] 44.85s
[17/28] 72.8s
[18/28] 42.91s
[19/28] 52.92s
[20/28] 49.04s
[21/28] 57.32s
[22/28] 57.74s
[23/28] 52.92s
[24/28] 71.74s
[25/28] 56.97s
[26/28] 54.21s
[27/28] 46.99s
[28/28] 45.06s
CHORD_GEN_DONE
end=2026-09-29T10:42:58-07:00 GPU_OK
