job=40604424 array=40604418_0 host=g3114 partition=gpu-l40s gpu=NVIDIA L40S start=2026-09-25T11:30:39-07:00 commit=f8bcb96a55274bba940fd66b6aa934655671b624 model=qwen_e3b suites=bon replay conditions=all songs=all shard=0/3
model=qwen_e3b suite=bon tasks=900 skipped=0 shard=0/3 batches=19 pending=296
Loading weights:   0%|          | 0/321 [00:00<?, ?it/s]Loading weights:   4%|▍         | 13/321 [00:00<00:05, 57.91it/s]Loading weights:   6%|▌         | 19/321 [00:00<00:12, 24.12it/s]Loading weights:   7%|▋         | 23/321 [00:00<00:11, 25.13it/s]Loading weights:  15%|█▌        | 49/321 [00:01<00:05, 52.11it/s]Loading weights:  17%|█▋        | 55/321 [00:01<00:06, 39.35it/s]Loading weights:  34%|███▎      | 108/321 [00:01<00:01, 106.69it/s]Loading weights:  44%|████▍     | 141/321 [00:01<00:01, 134.69it/s]Loading weights:  55%|█████▌    | 178/321 [00:01<00:00, 164.10it/s]Loading weights:  82%|████████▏ | 264/321 [00:01<00:00, 285.94it/s]Loading weights:  93%|█████████▎| 300/321 [00:02<00:00, 202.85it/s]Loading weights: 100%|██████████| 321/321 [00:02<00:00, 129.82it/s]
[transformers] `causal_conv1d_fn` is falling back to its reference PyTorch implementation because `causal_conv1d` is not installed. This is correct but much slower; install `causal_conv1d` for the optimized kernel.
[transformers] `causal_conv1d_update` is falling back to its reference PyTorch implementation because `causal_conv1d` is not installed. This is correct but much slower; install `causal_conv1d` for the optimized kernel.
[1/19] n=16 52.08s eos=16 parse=16 done=16/296 elapsed=53s
[2/19] n=16 52.47s eos=16 parse=16 done=32/296 elapsed=105s
[3/19] n=16 59.78s eos=16 parse=16 done=48/296 elapsed=166s
[4/19] n=16 56.84s eos=16 parse=16 done=64/296 elapsed=223s
[5/19] n=16 63.88s eos=16 parse=16 done=80/296 elapsed=288s
[6/19] n=16 61.33s eos=16 parse=16 done=96/296 elapsed=350s
[7/19] n=16 66.0s eos=16 parse=16 done=112/296 elapsed=417s
[8/19] n=16 67.34s eos=16 parse=16 done=128/296 elapsed=485s
[9/19] n=16 72.61s eos=16 parse=16 done=144/296 elapsed=558s
[10/19] n=16 69.02s eos=16 parse=16 done=160/296 elapsed=628s
[11/19] n=16 68.42s eos=16 parse=16 done=176/296 elapsed=697s
[12/19] n=16 79.42s eos=16 parse=16 done=192/296 elapsed=777s
[13/19] n=16 83.98s eos=16 parse=16 done=208/296 elapsed=863s
[14/19] n=12 81.03s eos=12 parse=12 done=220/296 elapsed=944s
[15/19] n=12 78.54s eos=12 parse=12 done=232/296 elapsed=1024s
[16/19] n=16 101.63s eos=16 parse=16 done=248/296 elapsed=1127s
[17/19] n=16 73.76s eos=16 parse=16 done=264/296 elapsed=1202s
[18/19] n=16 80.99s eos=16 parse=16 done=280/296 elapsed=1284s
[19/19] n=16 92.07s eos=16 parse=16 done=296/296 elapsed=1378s
GENERATION_DONE
model=qwen_e3b suite=replay tasks=225 skipped=0 shard=0/3 batches=5 pending=79
Loading weights:   0%|          | 0/321 [00:00<?, ?it/s]Loading weights:   1%|          | 3/321 [00:00<00:37,  8.41it/s]Loading weights:   3%|▎         | 10/321 [00:00<00:12, 24.36it/s]Loading weights:  28%|██▊       | 89/321 [00:00<00:01, 181.26it/s]Loading weights:  85%|████████▍ | 272/321 [00:01<00:00, 375.55it/s]Loading weights:  96%|█████████▌| 307/321 [00:01<00:00, 240.01it/s]Loading weights: 100%|██████████| 321/321 [00:01<00:00, 227.87it/s]
[transformers] `causal_conv1d_fn` is falling back to its reference PyTorch implementation because `causal_conv1d` is not installed. This is correct but much slower; install `causal_conv1d` for the optimized kernel.
[transformers] `causal_conv1d_update` is falling back to its reference PyTorch implementation because `causal_conv1d` is not installed. This is correct but much slower; install `causal_conv1d` for the optimized kernel.
[1/5] n=16 97.05s eos=16 parse=16 done=16/79 elapsed=99s
[2/5] n=15 84.59s eos=15 parse=15 done=31/79 elapsed=184s
[3/5] n=16 68.4s eos=16 parse=16 done=47/79 elapsed=254s
[4/5] n=16 66.77s eos=16 parse=16 done=63/79 elapsed=321s
[5/5] n=16 60.49s eos=16 parse=16 done=79/79 elapsed=382s
GENERATION_DONE
end=2026-09-25T12:03:50-07:00 PF_GEN_OK
