job=40604982 host=n3496 start=2026-09-25T11:53:18-07:00 commit=f8bcb96a55274bba940fd66b6aa934655671b624 systems=all
{'rep': 'interval', 'n': 20, 'exact_nn_found': 2, 'max_gap': 0.16772151898734178, 'mean_gap': 0.028430191396350456}
{'rep': 'rhythm', 'n': 20, 'exact_nn_found': 7, 'max_gap': 0.10852134999067686, 'mean_gap': 0.030429257217587234}
{'rep': 'chord', 'n': 20, 'exact_nn_found': 6, 'max_gap': 0.17619047619047618, 'mean_gap': 0.033164772860665784}
reference: 225 songs to query (0 already done)
  reference 1/225 3s
  reference 26/225 4s
  reference 51/225 7s
  reference 76/225 10s
  reference 101/225 13s
  reference 126/225 16s
  reference 151/225 17s
  reference 176/225 20s
  reference 201/225 23s
qwen_e3b: 225 songs to query (0 already done)
  qwen_e3b 1/225 3s
  qwen_e3b 26/225 3s
  qwen_e3b 51/225 6s
  qwen_e3b 76/225 9s
  qwen_e3b 101/225 12s
  qwen_e3b 126/225 14s
  qwen_e3b 151/225 15s
  qwen_e3b 176/225 18s
  qwen_e3b 201/225 20s
mupt: 225 songs to query (0 already done)
  mupt 1/225 3s
  mupt 26/225 4s
  mupt 51/225 6s
  mupt 76/225 9s
  mupt 101/225 12s
  mupt 126/225 14s
  mupt 151/225 16s
  mupt 176/225 19s
  mupt 201/225 21s
midi_llm: 225 songs to query (0 already done)
  midi_llm 1/225 0s
  midi_llm 26/225 2s
  midi_llm 51/225 4s
  midi_llm 76/225 4s
  midi_llm 101/225 6s
  midi_llm 126/225 8s
  midi_llm 151/225 10s
  midi_llm 176/225 10s
  midi_llm 201/225 12s
qwen_e3b:bars_p4: 11 songs to query (0 already done)
  qwen_e3b:bars_p4 1/11 3s
qwen_e3b:ood_long20: 3 songs to query (0 already done)
  qwen_e3b:ood_long20 1/3 3s
qwen_e3b:lyrics_all: 12 songs to query (0 already done)
  qwen_e3b:lyrics_all 1/12 2s
QUERY_DONE
{
 "n_train": 10243,
 "thresholds_ref_p99": {
  "interval": 0.24736598130390614,
  "contour": 0.331240408614355,
  "rhythm": 0.4858172612388358,
  "motif": 0.26460630016989917,
  "chord": 0.6779912018810361,
  "abc": 0.23543682992652687,
  "plan": 0.6569756500359897,
  "lyrics": 0.17077212507217474
 },
 "ref_interval_run_max": 33.0,
 "ref_interval_run_p99": 14.279999999999973,
 "ref_interval_run_nz_p99": 16.279999999999973,
 "ref_interval_run_nz_max": 30.0,
 "shortlist_validation": [
  {
   "rep": "interval",
   "n": 20,
   "exact_nn_found": 2,
   "max_gap": 0.16772151898734178,
   "mean_gap": 0.028430191396350456
  },
  {
   "rep": "rhythm",
   "n": 20,
   "exact_nn_found": 7,
   "max_gap": 0.10852134999067686,
   "mean_gap": 0.030429257217587234
  },
  {
   "rep": "chord",
   "n": 20,
   "exact_nn_found": 6,
   "max_gap": 0.17619047619047618,
   "mean_gap": 0.033164772860665784
  }
 ],
 "n_train_distinct_bars3": 381992
}
REPORT_DONE
end=2026-09-25T11:56:17-07:00 PF_MEM_OK
