job=40604162 array=none_0 host=g3136 partition=gpu-l40s gpu=NVIDIA L40S start=2026-09-25T11:22:36-07:00 commit=f8bcb96a55274bba940fd66b6aa934655671b624 model=qwen_e3b suites=bon replay interventions ood conditions=all songs=3 shard=0/1
model=qwen_e3b suite=bon tasks=12 skipped=0 shard=0/1 batches=1 pending=12
Loading weights:   0%|          | 0/321 [00:00<?, ?it/s]Loading weights:   9%|▉         | 30/321 [00:00<00:03, 73.61it/s]Loading weights:  12%|█▏        | 38/321 [00:00<00:04, 56.70it/s]Loading weights:  14%|█▍        | 46/321 [00:00<00:05, 52.09it/s]Loading weights:  19%|█▊        | 60/321 [00:00<00:03, 68.81it/s]Loading weights:  24%|██▎       | 76/321 [00:01<00:02, 89.31it/s]Loading weights:  27%|██▋       | 87/321 [00:01<00:02, 94.24it/s]Loading weights:  47%|████▋     | 151/321 [00:01<00:00, 228.31it/s]Loading weights:  69%|██████▊   | 220/321 [00:01<00:00, 315.71it/s]Loading weights:  79%|███████▉  | 254/321 [00:01<00:00, 316.25it/s]Loading weights: 100%|██████████| 321/321 [00:01<00:00, 204.74it/s]
[transformers] `causal_conv1d_fn` is falling back to its reference PyTorch implementation because `causal_conv1d` is not installed. This is correct but much slower; install `causal_conv1d` for the optimized kernel.
[transformers] `causal_conv1d_update` is falling back to its reference PyTorch implementation because `causal_conv1d` is not installed. This is correct but much slower; install `causal_conv1d` for the optimized kernel.
[1/1] n=12 98.2s eos=12 parse=12 done=12/12 elapsed=100s
GENERATION_DONE
model=qwen_e3b suite=replay tasks=3 skipped=0 shard=0/1 batches=1 pending=3
Loading weights:   0%|          | 0/321 [00:00<?, ?it/s]Loading weights: 100%|██████████| 321/321 [00:00<00:00, 18905.20it/s]
[transformers] `causal_conv1d_fn` is falling back to its reference PyTorch implementation because `causal_conv1d` is not installed. This is correct but much slower; install `causal_conv1d` for the optimized kernel.
[transformers] `causal_conv1d_update` is falling back to its reference PyTorch implementation because `causal_conv1d` is not installed. This is correct but much slower; install `causal_conv1d` for the optimized kernel.
[1/1] n=3 82.87s eos=3 parse=3 done=3/3 elapsed=83s
GENERATION_DONE
model=qwen_e3b suite=interventions tasks=78 skipped=0 shard=0/1 batches=5 pending=78
Loading weights:   0%|          | 0/321 [00:00<?, ?it/s]Loading weights: 100%|██████████| 321/321 [00:00<00:00, 17358.43it/s]
[transformers] `causal_conv1d_fn` is falling back to its reference PyTorch implementation because `causal_conv1d` is not installed. This is correct but much slower; install `causal_conv1d` for the optimized kernel.
[transformers] `causal_conv1d_update` is falling back to its reference PyTorch implementation because `causal_conv1d` is not installed. This is correct but much slower; install `causal_conv1d` for the optimized kernel.
[1/5] n=16 92.6s eos=16 parse=16 done=16/78 elapsed=94s
[2/5] n=16 94.31s eos=16 parse=16 done=32/78 elapsed=189s
[3/5] n=16 81.1s eos=16 parse=16 done=48/78 elapsed=271s
[4/5] n=16 97.93s eos=16 parse=16 done=64/78 elapsed=370s
[5/5] n=14 94.75s eos=14 parse=14 done=78/78 elapsed=466s
GENERATION_DONE
model=qwen_e3b suite=ood tasks=21 skipped=0 shard=0/1 batches=2 pending=21
Loading weights:   0%|          | 0/321 [00:00<?, ?it/s]Loading weights: 100%|██████████| 321/321 [00:00<00:00, 18885.05it/s]
[transformers] `causal_conv1d_fn` is falling back to its reference PyTorch implementation because `causal_conv1d` is not installed. This is correct but much slower; install `causal_conv1d` for the optimized kernel.
[transformers] `causal_conv1d_update` is falling back to its reference PyTorch implementation because `causal_conv1d` is not installed. This is correct but much slower; install `causal_conv1d` for the optimized kernel.
[1/2] n=16 106.22s eos=16 parse=16 done=16/21 elapsed=107s
[2/2] n=5 133.36s eos=5 parse=5 done=21/21 elapsed=241s
GENERATION_DONE
end=2026-09-25T11:41:10-07:00 PF_GEN_OK
